for dir in ~/git/*; do (cd "$dir" && git pull); done

chattr -iR /mnt/backups/OLD_ONE_*
Title: 20char long alpahnumeric &quot;password&quot;
Author: 
Date: Tue, 16 Jul 2013 14:14:00 +0400
Link: http://feedproxy.google.com/~r/Command-line-fu/~3/kbjSzDWxdoI/20char-long-alpahnumeric-password

$ head -c20 /dev/urandom | xxd -ps

20characters long alpahnumeric "password"

  * View this command to comment, vote or add to favourites[1]
  * View all commands by opexxx[2]

[image 4][3]

by David Winterbottom (codeinthehole.com[5])
[image 6]

Links: 
[1]: http://www.commandlinefu.com/commands/view/12506/20char-long-alpahnumeric-password (link)
[2]: http://www.commandlinefu.com/commands/by/opexxx (link)
[3]: http://www.commandlinefu.com (link)
[4]: http://www.commandlinefu.com/images/small-logo.jpg (image)
[5]: http://codeinthehole.com (link)
[6]: http://feeds.feedburner.com/~r/Command-line-fu/~4/kbjSzDWxdoI (image)
Title: Getting OpenPGP keys for Launchpad PPAs on Debian based systems from behind a firewall
Author: 
Date: Tue, 23 Jul 2013 12:29:40 +0400
Link: http://feedproxy.google.com/~r/Command-line-fu/~3/MJKqBG25dFo/getting-openpgp-keys-for-launchpad-ppas-on-debian-based-systems-from-behind-a-firewall

$ sudo apt-key adv --keyserver hkp://keys.gnupg.net:80 --recv-keys [key to get 
here]

If you are an unlucky sole behind a corporate firewall you will likely find 
that downloading gpg keys is blocked. This is because the hkp protocol uses 
port 11371 by default to transfer the key.

By adding "hkp://" to the beginning of the hostname and ":80" to the end you 
are asking gpg to try using port 80 to connect (less likely to be blocked by a 
firewall). This relies on the remote server answering to requests over port 80.

  * View this command to comment, vote or add to favourites[1]
  * View all commands by phattmatt[2]

[image 4][3]

by David Winterbottom (codeinthehole.com[5])
[image 6]

Links: 
[1]: http://www.commandlinefu.com/commands/view/12524/getting-openpgp-keys-for-launchpad-ppas-on-debian-based-systems-from-behind-a-firewall (link)
[2]: http://www.commandlinefu.com/commands/by/phattmatt (link)
[3]: http://www.commandlinefu.com (link)
[4]: http://www.commandlinefu.com/images/small-logo.jpg (image)
[5]: http://codeinthehole.com (link)
[6]: http://feeds.feedburner.com/~r/Command-line-fu/~4/MJKqBG25dFo (image)
Title: Netcat ftp honeypot centos linux (use port 22 for SSH)
Author: 
Date: Tue, 16 Jul 2013 23:05:00 +0400
Link: http://feedproxy.google.com/~r/Command-line-fu/~3/5wiW9Jjz8B4/netcat-ftp-honeypot-centos-linux-use-port-22-for-ssh

$ while [ 1 ]; do echo -e "220 ProFTPD 1.3.3c Server [ProFTPD] \nFAILED FTP 
ATTEMPT - PORT 21" | nc -vvv -l 192.168.1.65 21 >> /var/log/honeylog.log 2>> 
/var/log/honeylog.log; done

[root@dhcppc1 windows]# cat /var/log/honeylog.log

Connection from 192.168.1.71 port 21 [tcp/ftp] accepted

Connection from 192.168.1.65 port 21 [tcp/ftp] accepted

[root@dhcppc1 windows]# nc 192.168.1.65 21

220 ProFTPD 1.3.3c Server [ProFTPD] 

FAILED FTP ATTEMPT - PORT 21

*You can not run it if you have activated the ftp server.

  * View this command to comment, vote or add to favourites[1]
  * View all commands by xmuda[2]

[image 4][3]

by David Winterbottom (codeinthehole.com[5])
[image 6]

Links: 
[1]: http://www.commandlinefu.com/commands/view/12507/netcat-ftp-honeypot-centos-linux-use-port-22-for-ssh (link)
[2]: http://www.commandlinefu.com/commands/by/xmuda (link)
[3]: http://www.commandlinefu.com (link)
[4]: http://www.commandlinefu.com/images/small-logo.jpg (image)
[5]: http://codeinthehole.com (link)
[6]: http://feeds.feedburner.com/~r/Command-line-fu/~4/5wiW9Jjz8B4 (image)
Title: md5sum for files with bad characters
Author: 
Date: Tue, 30 Jul 2013 12:56:07 +0400
Link: http://feedproxy.google.com/~r/Command-line-fu/~3/0f2oxEiDF8U/md5sum-for-files-with-bad-characters

$ find . -type f -exec md5sum {} \;

  * View this command to comment, vote or add to favourites[1]
  * View all commands by qistoph[2]

[image 4][3]

by David Winterbottom (codeinthehole.com[5])
[image 6]

Links: 
[1]: http://www.commandlinefu.com/commands/view/12564/md5sum-for-files-with-bad-characters (link)
[2]: http://www.commandlinefu.com/commands/by/qistoph (link)
[3]: http://www.commandlinefu.com (link)
[4]: http://www.commandlinefu.com/images/small-logo.jpg (image)
[5]: http://codeinthehole.com (link)
[6]: http://feeds.feedburner.com/~r/Command-line-fu/~4/0f2oxEiDF8U (image)
Title: psgrepp
Author: 
Date: Tue, 16 Jul 2013 14:10:00 +0400
Link: http://feedproxy.google.com/~r/Command-line-fu/~3/F1x6xyCxHb4/psgrepp

$ ps aux | grep $(echo $1 | sed "s/^\(.\)/[\1]/g")

grep ps aux

  * View this command to comment, vote or add to favourites[1]
  * View all commands by opexxx[2]

[image 4][3]

by David Winterbottom (codeinthehole.com[5])
[image 6]

Links: 
[1]: http://www.commandlinefu.com/commands/view/12505/psgrepp (link)
[2]: http://www.commandlinefu.com/commands/by/opexxx (link)
[3]: http://www.commandlinefu.com (link)
[4]: http://www.commandlinefu.com/images/small-logo.jpg (image)
[5]: http://codeinthehole.com (link)
[6]: http://feeds.feedburner.com/~r/Command-line-fu/~4/F1x6xyCxHb4 (image)
Title: run all "backup" scripts inside desired folder
Author: 
Date: Thu, 25 Jul 2013 01:25:21 +0400
Link: http://feedproxy.google.com/~r/Command-line-fu/~3/hv3JcteqwVk/run-all-backup-scripts-inside-desired-folder

$ find /var/scripts -name 'backup*' | while read i; do "$i"; done

It eases the way of creating cron jobs of backup scripts. 

Just put this line as cron job, and all your backups are called sequentially. 

Allows you to forget, when in time, call this backup, just focus on your 
scripting. Also maintains the way of calling a single backup script when It's 
needed.

  * View this command to comment, vote or add to favourites[1]
  * View all commands by piscue[2]

[image 4][3]

by David Winterbottom (codeinthehole.com[5])
[image 6]

Links: 
[1]: http://www.commandlinefu.com/commands/view/12528/run-all-backup-scripts-inside-desired-folder (link)
[2]: http://www.commandlinefu.com/commands/by/piscue (link)
[3]: http://www.commandlinefu.com (link)
[4]: http://www.commandlinefu.com/images/small-logo.jpg (image)
[5]: http://codeinthehole.com (link)
[6]: http://feeds.feedburner.com/~r/Command-line-fu/~4/hv3JcteqwVk (image)
